// Jest Snapshot v1, https://goo.gl/fbAQLP

exports[`codegen element 1`] = `
Object {
  "code": "const { createElementVNode: _createElementVNode } = \\"Vue\\"
return function render (_ctx, _cache) {return _createElementVNode(\\"div\\" ,null, )}",
}
`;

exports[`codegen interpolation 1`] = `
Object {
  "code": "const { toDisplayString: _toDisplayString } = \\"Vue\\"
return function render (_ctx, _cache) {return _toDisplayString(_ctx.message)}",
}
`;

exports[`codegen string 1`] = `
Object {
  "code": "
return function render (_ctx, _cache) {return 'hi'}",
}
`;
